npx : FAIL src/valida
tion/schema-validator
.test.ts
At line:1 char:1
+ npx jest 
--no-colors 2>&1 > 
jest-output.txt; 
type jest-output.txt
+ ~~~~~~~~~~~~~~~~~~~
~~~~~~~~~~~~~~~~~~~~~
~~~
    + CategoryInfo   
           : 
NotSpecified: (F    
AIL 
src/valida...lida    
tor.test.ts:String) 
[    ], 
RemoteException
    + 
FullyQualifiedError  
  Id : 
NativeCommandErr    
or
 
  ΓùÅ Test suite 
failed to run

    Missing required 
environment 
variable: 
DATABASE_URL

    [0m [90m 32 
|[39m     
[36mconst[39m 
value [33m=[39m 
env[key] 
[33m||[39m defaultV
alue[33m;[39m
     [90m 33 |[39m 
    [36mif[39m 
([33m![39mvalue) {
    [31m[1m>[22m[
39m[90m 34 |[39m   
      
[36mthrow[39m 
[36mnew[39m [33mEr
ror[39m([32m`Missin
g required 
environment 
variable: ${key}`[39
m)[33m;[39m
     [90m    |[39m 
              
[31m[1m^[22m[39m
     [90m 35 |[39m 
    }
     [90m 36 |[39m 
    [36mreturn[39m 
value[33m;[39m
     [90m 37 |[39m 
}[0m

      at getEnv (src/
config/index.ts:34:15
)
      at 
Object.<anonymous> (s
rc/config/index.ts:51
:14)
      at 
Object.<anonymous> (s
rc/config/logger.ts:2
:1)
      at 
Object.<anonymous> (s
rc/validation/schema-
validator.ts:5:1)
      at 
Object.<anonymous> (s
rc/validation/schema-
validator.test.ts:1:1
)

Test Suites: 1 
failed, 1 total
Tests:       0 total
Snapshots:   0 total
Time:        1.218 s
Ran all test suites.
